CCTV央视台球,https://epg.pw/stream/25677ac2e8c1f7c3dd6359c43eb5f0f54efb3f5c11f9dda18d01b3e0308ed017.m3u8
CCTV第一剧场,https://epg.pw/stream/6d7bf281e3d739806a73f5373acaa6e01988ec9739f5ac1355ce54b47a928472.m3u8
CCTV风云足球,https://epg.pw/stream/ac8062ec9484078061d3bef507c15a423ac57ae4144e3fcc4b0a198dd420f911.m3u8
苏州4K,https://live-auth.51kandianshi.com/szgd/csztv4k_hd.m3u8
CGTN,https://0472.org/hls/cgtn.m3u8
河北4K,https://event.pull.hebtv.com:443/live/live101.m3u8
CGTN俄语,https://0472.org/hls/cgtne.m3u8
南国都市4K,https://tencentplay.gztv.com/live/nanguodushi.m3u8?txSecret=550af55c0ea34ce492748481415b6dfa&txTime=1903e7b17de
CGTN法语,http://espanol-liveali.cgtn.com/hls/LSveOGBaBw41Ea7ukkVAUdKQ220802LSTexu6xAuFH8VZNBLE1ZNEa220802cd.m3u8
CCTV-兵器科技,http://www.lizhinas.top:1009/rtp/239.252.219.98:5140
CGTN西语,https://0472.org/hls/cgtnx.m3u8
CCTV-世界地理,http://www.lizhinas.top:1009/rtp/239.252.219.93:5140
CGTN阿语,https://0472.org/hls/cgtna.m3u8
CCTV-风云足球,http://www.lizhinas.top:1009/rtp/239.252.219.96:5140
CCTV4K,http://vip1.xinketongxun.fun:8082/tsfile/live/1026_1.m3u8
CCTV-风云音乐,http://www.lizhinas.top:1009/rtp/239.252.219.87:5140
熊猫直播,https://gcwbndali.v.myalicdn.com/gcwbnd/ipanda1000_2/index.m3u8
CCTV-风云剧场,http://www.lizhinas.top:1009/rtp/239.252.219.89:5140
支持作者,https://vd2.bdstatic.com/mda-sctj0f6r4u1bpebc/1080p/cae_h264/1774706523506678171/mda-sctj0f6r4u1bpebc.mp4
CCTV-第一剧场,http://www.lizhinas.top:1009/rtp/239.252.219.86:5140
兵团卫视,http://218.13.170.98:9901/tsfile/live/0115_1.m3u8
CCTV-怀旧剧场,http://www.lizhinas.top:1009/rtp/239.252.219.90:5140
海峡卫视,http://38.64.72.148:80/hls/modn/list/4009/playlist.m3u8
CCTV-文化精品,http://www.lizhinas.top:1009/rtp/239.252.219.81:5140
农林卫视,http://124.116.183.146:9901/tsfile/live/1004_1.m3u8
CCTV-女性时尚,http://www.lizhinas.top:1009/rtp/239.252.219.94:5140
厦门卫视,http://183.11.239.36:808/hls/17/index.m3u8
CCTV-卫生健康,http://nas.hssvm.com:8888/udp/225.1.1.210:5002
上海卫视,http://112.27.235.94:8000/hls/28/index.m3u8
CCTV-央视台球,http://www.lizhinas.top:1009/rtp/239.252.219.80:5140
延边卫视,http://l.cztvcloud.com/channels/lantian/SXxinchang2/720p.m3u8#
CCTV-央视高网,http://www.lizhinas.top:1009/rtp/239.252.219.95:5140
安多卫视,https://liveout.xntv.tv/a65jur/96iln2.m3u8
CCTV-电视指南,http://www.lizhinas.top:1009/rtp/239.252.219.97:5140
上海卫视,http://112.27.235.94:8000/hls/28/index.m3u8
中国天气,http://hls.weathertv.cn/tslslive/qCFIfHB/hls/live_sd.m3u8
山东教育,https://test1.live.sdetv.com.cn/live/dianshizhibo/playlist.m3u8
中国交通,http://drive.mxmy.net:8888/udp/239.3.1.188:8001
人间卫视,https://5ddce30eb4b55.streamlock.net/bltvhd/bltv1/chunklist_w511254805.m3u8
直播中国,https://gcalic.v.myalicdn.com/gc/wgw05_1/index.m3u8?contentid=2820180516001
苏州4K,https://tylive.kan0512.com/norecord/csztv4k_4k.m3u8
熊猫直播,https://gcwbndali.v.myalicdn.com/gcwbnd/ipanda1000_2/index.m3u8
CHC家庭影院,http://61.162.52.6:8088/newlive/live/hls/60/live.m3u8
CETV-1 综合教育,http://www.lizhinas.top:1009/rtp/239.252.220.198:5140
CHC电影,http://183.237.95.108:9901/tsfile/live/1008_1.m3u8?key=txiptv&playlive=0&authid=0
CETV-2 空中课堂,http://www.lizhinas.top:1009/rtp/239.252.219.73:5140
东阳影视生活,http://l.cztvcloud.com/channels/lantian/SXdongyang1/720p.m3u8
CETV-3 教育服务,http://rrs01.hw.gmcc.net:8088/PLTV/81/224/3221226722/1.m3u8
人在囧途,https://vip.ffzy-play.com/20221018/1953_2d6ba500/index.m3u8
CETV-4 职业教育,http://rrs01.hw.gmcc.net:8088/PLTV/81/224/3221226724/1.m3u8
人在囧途之泰囧,https://vip.ffzy-play.com/20221018/1951_47e1adc8/index.m3u8
CGTN英语,http://english-livetx.cgtn.com/hls/yypdyyctzb_hd.m3u8
人在囧途之港囧,https://vip.ffzy-play7.com/20230112/11082_fde1a94d/index.m3u8
CGTN记录,https://english-livetx.cgtn.com/hls/yypdjlctzb_hd.m3u8
倩女幽魂人间道,http://jsmov2.a.yximgs.com/bs3/video-hls/5250634317044855747_hlsb.m3u8
CGTN俄语,http://russian-livews.cgtn.com/hls/LSvexABhNipibK5KRuUkvHZ7220802LSTeze9o8tdFXMHsb1VosgoT220802cd.m3u8
倩女幽魂妖魔道,http://jsmov2.a.yximgs.com/bs3/video-hls/5232901391302199073_hlsb.m3u8
CGTN法语,http://espanol-liveali.cgtn.com/hls/LSveOGBaBw41Ea7ukkVAUdKQ220802LSTexu6xAuFH8VZNBLE1ZNEa220802cd.m3u8
倩女幽魂道道道,http://jsmov2.a.yximgs.com/bs3/video-hls/5216294367991385255_hlsb.m3u8
CGTN西语,http://espanol-liveali.cgtn.com/hls/LSveOGBaBw41Ea7ukkVAUdKQ220802LSTexu6xAuFH8VZNBLE1ZNEa220802cd.m3u8
冰冰影剧,http://www.goodiptv.club/douyu/74374
CGTN阿语,http://espanol-liveali.cgtn.com/hls/LSveOGBaBw41Ea7ukkVAUdKQ220802LSTexu6xAuFH8VZNBLE1ZNEa220802cd.m3u8
刀刀影院,http://www.goodiptv.club/douyu/747764
CCTV4K,http://p.ytelc.com/169l/0/cctv.php?id=cctv4k
华语影视,http://www.goodiptv.club/douyu/3928
上海纪实,http://iptv.huuc.edu.cn/hls/docuchina.m3u8
南宁影视娱乐,http://hls.nntv.cn/nnlive/YSYL_244.m3u8
金鹰纪实,http://iptv.huuc.edu.cn/hls/gedocu.m3u8
古装武侠,http://www.goodiptv.club/douyu/2793084
北京新闻,http://iptv.huuc.edu.cn/hls/btv9hd.m3u8
哈尔滨影视,http://stream.hrbtv.net/yspd/sd/live.m3u8?zheild
山东教育,http://iptv.huuc.edu.cn/hls/sdetv.m3u8
寒战,https://vip.ffzy-play6.com/20221019/157_bf0740ee/index.m3u8
CCTV4美洲,http://t.061899.xyz/tl/tl.php?id=cctv4m
我不是药神,https://vip.ffzy-play1.com/20221018/478_c3afed66/index.m3u8
CCTV4欧洲,http://t.061899.xyz/tl/tl.php?id=cctv4o
拆弹专家1,https://vip.ffzy-online.com/20221015/719_80ff87c2/index.m3u8
CCTV发现之旅,http://t.061899.xyz/tl/tl.php?id=fxzl
拆弹专家2,https://vip.ffzy-online.com/20221015/722_e32c42bc/index.m3u8
CCTV老故事,http://t.061899.xyz/tl/tl.php?id=lgs
橙记港剧,http://www.goodiptv.club/douyu/4549169
CCTV中学生,http://t.061899.xyz/tl/tl.php?id=zxs
浙江教科影视,https://ali-m-l.cztv.com/channels/lantian/channel004/1080p.m3u8
CGTN,http://t.061899.xyz/tl/tl.php?id=cgtn
热门港剧,http://www.goodiptv.club/douyu/5522351
CGTN纪录,http://t.061899.xyz/tl/tl.php?id=cgtnjl
电影丧尸片,http://live.metshop.top/huya/21059578?cdn=alicdn
海峡卫视,http://t.061899.xyz/tl/tl.php?id=hxws
电影八点档,http://live.metshop.top/huya/880261?cdn=alicdn
四海钓鱼,http://t.061899.xyz/tl/tl.php?id=shdy
电影刘德华,http://live.metshop.top/huya/11342424?cdn=alicdn
CHC动作电影,http://t.061899.xyz/tl/tl.php?id=chcdzdy
电影动作电影,http://live.metshop.top/huya/11602077?cdn=alicdn
CHC家庭影院,http://t.061899.xyz/tl/tl.php?id=chcjtdy
电影周星星,http://live.metshop.top/huya/11336587?cdn=alicdn
东方影视,http://t.061899.xyz/tl/tl.php?id=dfys
电影嫣然影厅,http://live.metshop.top/huya/11601977?cdn=alicdn
上海新闻综合,http://t.061899.xyz/tl/tl.php?id=shxwzh
电影战争片,http://live.metshop.top/huya/21059574?cdn=alicdn
上海第一财经,http://t.061899.xyz/tl/tl.php?id=dycj
电影搞笑喜剧,http://live.metshop.top/huya/11342423?cdn=alicdn
上视纪实人文,http://t.061899.xyz/tl/tl.php?id=shjsrw
电影梁家辉,http://live.metshop.top/huya/11342429?cdn=alicdn
上海外语,http://t.061899.xyz/tl/tl.php?id=shics
电影谍战片,http://live.metshop.top/huya/21059587?cdn=alicdn
法治天地,http://t.061899.xyz/tl/tl.php?id=fztd
电影贺岁,http://live.metshop.top/huya/11601971?cdn=alicdn
劲爆体育,http://t.061899.xyz/tl/tl.php?id=jbty
电影高分动作,http://live.metshop.top/huya/11352884?cdn=alicdn
魅力足球,http://t.061899.xyz/tl/tl.php?id=mlzq
美亚电影,http://zjrtv.vip/live/?tbs=mydy
乐游,http://t.061899.xyz/tl/tl.php?id=ly
让子弹飞,https://vip.ffzy-play7.com/20230116/11563_b9f44814/index.m3u8
欢笑剧场,http://t.061899.xyz/tl/tl.php?id=hxjc
贝爷求生,http://www.goodiptv.club/douyu/9661369
七彩戏剧,http://t.061899.xyz/tl/tl.php?id=qcxj
邵氏影院,http://www.goodiptv.club/douyu/4246519
游戏风云,http://t.061899.xyz/tl/tl.php?id=yxfy
韩国电影1,https://stream.ads.ottera.tv/playlist.m3u8?network_id=595
优漫卡通,http://t.061899.xyz/tl/tl.php?id=ymkt
韩国电影2,https://stream.ads.ottera.tv/playlist.m3u8?network_id=743
苏州4K,https://tylive.kan0512.com/norecord/csztv4k_4k.m3u8
龙门飞甲,http://jsmov2.a.yximgs.com/bs3/video-hls/5203346449046555193_hlsb.m3u8
河北4K,https://event.pull.hebtv.com:443/live/live101.m3u8
南国都市,https://tencentplay.gztv.com/live/nanguodushi.m3u8?txSecret=550af55c0ea34ce492748481415b6dfa&txTime=1903e7b17de
延边卫视,http://120.76.248.139/live/bfgd/4200000117.m3u8
四川科教,http://182.150.115.21:8030/pcgacg/pcgacg_0.m3u8
厦门卫视,http://e2.woc.iiiya.cn:28888/rtp/239.61.2.11:8060
卡酷少儿,http://218.13.170.98:9901/tsfile/live/1021_1.m3u8
农林卫视,http://120.76.248.139/live/bfgd/4200000122.m3u8
金鹰卡通,http://101.66.199.12:9901/tsfile/live/1000_1.m3u8?key=txiptv&playlive=0&authid=0
兵团卫视,http://liveout.btzx.com.cn/62ds9e/yil08g.m3u8
广东少儿,http://gmxw.7766.org:808/hls/175/index.m3u8
山东教育,https://test1.live.sdetv.com.cn/live/dianshizhibo/playlist.m3u8
浙江少儿,https://ali-m-l.cztv.com/channels/lantian/channel008/1080p.m3u8
海峡卫视,http://8.138.7.223/tv/hxws.m3u8
南京少儿,http://nklive.nbs.cn/hls/e0981f3f-1a20-4a59-b8d1-17feb83a4610/index.m3u8
安多卫视,#http://qwt.zhibotv.top:2016/全网通.php?id=安多卫视
海绵宝宝,https://live.metshop.top/douyu/3949681
康巴卫视,#http://fjcm-2118.live.iptv.darwinchow.com/PLTV/88888888/224/3221225856/index.m3u8
猫和老鼠,https://live.metshop.top/huya/11352879
珠江卫视,http://qjrhc.jydjd.top:2911/udp/224.1.100.24:11111
福州少儿,http://live.zohi.tv/video/s10001-fztv-4/index.m3u8
CGTN,http://112.27.235.94:8000/hls/17/index.m3u8
韩国EBS少儿,http://ebsonairios.ebs.co.kr/ebsutablet500k/tablet500k/playlist.m3u8
上海卫视,http://112.27.235.94:8000/hls/28/index.m3u8
黑龙江少儿,https://ls.qingting.fm/live/4972/64k.m3u8
重温经典,http://112.27.235.94:8000/hls/50/index.m3u8
七台河新闻综合,http://live.qthnews.org.cn:1935/live/live1/800k/tzwj_video.m3u8
CCTV-4K,http://www.tszhgjj.cn:7000/rtp/239.253.93.134:6631
七台河民生社教,http://live.qthnews.org.cn:1935/live/live2/800k/tzwj_video.m3u8
苏州4K,http://106.53.99.30/tv/api.php?id=sztv4k
万荣综合,http://60.222.246.220:19433/hls1.m3u8
河北4K,http://106.53.99.30/tv/api.php?id=hebtv4k
三明新闻综合,https://ls.qingting.fm/live/5022100/64k.m3u8
CETV-01,https://zby.130519.xyz/PLTV/11/224/3221225775/index.m3u8
上海第一财经,https://satellitepull.cnr.cn/live/wx32dycjgb/playlist.m3u8
CETV-04,https://zby.130519.xyz/PLTV/11/224/3221226153/index.m3u8
上虞文化影院,http://l.cztvcloud.com/channels/lantian/SXshangyu2/720p.m3u8
黑龙江视,https://zby.130519.xyz/PLTV/11/224/3221225722/index.m3u8
上虞新商都,http://l.cztvcloud.com/channels/lantian/SXshangyu3/720p.m3u8
东方影视,https://zby.130519.xyz/PLTV/11/224/3221225744/index.m3u8
上虞新闻综合,http://l.cztvcloud.com/channels/lantian/SXshangyu1/720p.m3u8?zzhed
东方财经,https://zby.130519.xyz/PLTV/11/224/3221226134/index.m3u8
东丰综合,http://stream3.jlntv.cn:80/aac_dfgb/playlist.m3u8
第一财经,https://zby.130519.xyz/PLTV/11/224/3221225737/index.m3u8
东莞新闻综合,https://stream.sun0769.com/dgrtv1/mp4tv1_800/index.m3u8
上海都市,https://zby.130519.xyz/PLTV/11/224/3221225749/index.m3u8
东莞生活资讯,https://stream.sun0769.com/dgrtv1/mp4tv2_800/index.m3u8
五星体育,https://zby.130519.xyz/PLTV/11/224/3221225732/index.m3u8
中国蓝新闻,http://ali-m-l.cztv.com/channels/lantian/channel009/1080p.m3u8
都市剧场,https://zby.130519.xyz/PLTV/11/224/3221225762/index.m3u8
乐至综合,http://175.155.106.72:89/live1/live1.m3u8
都市剧场,#https://zby.130519.xyz/PLTV/11/224/3221226155/index.m3u8
九台综合,http://stream10.jlntv.cn/jiutaitv/sd/live.m3u8
欢笑剧场,https://zby.130519.xyz/PLTV/11/224/3221225771/index.m3u8
云南娱乐,https://hwapi.yntv.net/62hdvf/q9vs1b.m3u8
新闻综合,https://zby.130519.xyz/PLTV/11/224/3221226136/index.m3u8
云南都市,https://hwapi.yntv.net/62hdvf/rjwt14.m3u8
金色学堂,https://zby.130519.xyz/PLTV/11/224/3221225748/index.m3u8
云和新闻综合,http://l.cztvcloud.com/channels/lantian/SXyunhe1/720p.m3u8?zzhed
生活时尚,https://zby.130519.xyz/PLTV/11/224/3221225768/index.m3u8
云霄综合,https://live.zzyxxw.com:2443/live/xwzh.m3u8
法治天地,https://zby.130519.xyz/PLTV/11/224/3221225994/index.m3u8
井研综合,http://tvfile.jyrmt.cn/nmip-media/channellive/channel104452/playlist.m3u8
游戏风云,https://zby.130519.xyz/PLTV/11/224/3221226117/index.m3u8
亳州农村,http://zbbf2.ahbztv.com/live/418.m3u8
游戏风云,#https://zby.130519.xyz/PLTV/11/224/3221226140/index.m3u8
仁寿综合,https://play.scrstv.com.cn/DT/live.m3u8?auth_key=60001724663204-0-0-c1cc4ded9841ac34f63cdbd3aec647ef
乐游频道,https://zby.130519.xyz/PLTV/11/224/3221226157/index.m3u8
任丘综合,https://jwcdnqx.hebyun.com.cn/live/rqtv1/1500k/tzwj_video.m3u8
乐游频道,#https://zby.130519.xyz/PLTV/11/224/3221226115/index.m3u8
伊犁哈萨克,http://110.153.180.106:55555/out_3/index.m3u8
哈哈炫动,https://zby.130519.xyz/PLTV/11/224/3221226161/index.m3u8
哈哈炫动,#https://zby.130519.xyz/PLTV/11/224/3221226175/index.m3u8
伊犁经济法制,http://110.153.180.106:55555/out_4/index.m3u8
动漫秀场,https://zby.130519.xyz/PLTV/11/224/3221225764/index.m3u8
伊犁维吾尔,http://110.153.180.106:55555/out_2/index.m3u8
动漫秀场,#https://zby.130519.xyz/PLTV/11/224/3221226138/index.m3u8
卡酷少儿,https://zby.130519.xyz/PLTV/11/224/3221226019/index.m3u8
余姚姚江文化,https://l.cztvcloud.com/channels/lantian/SXyuyao3/720p.m3u8
金鹰卡通,https://zby.130519.xyz/PLTV/11/224/3221226094/index.m3u8
余姚新闻综合,http://l.cztvcloud.com/channels/lantian/SXyuyao1/720p.m3u8?cWlkPSZzPTg3OWMwYmMyZDMzYTFhZGY3NDQxMjgyYTg1MmUzNTY0JmVzPTE3MDY2Nzc4NzMmdXVpZD0yMjdiY2MzNGNiNGY0MThlYjRiY2IxYzcwNmZjODNkMS02NzQ3NDY2NyZ2PTImYXM9MCZjZG5leF9pZD10eF9waG9uZV9saXZl
睛彩竞技,https://zby.130519.xyz/PLTV/11/224/3221226116/index.m3u8
余姚综合,https://l.cztvcloud.com/channels/lantian/SXyuyao1/720p.m3u8
睛彩篮球,https://zby.130519.xyz/PLTV/11/224/3221226118/index.m3u8
余杭未来E,http://l.cztvcloud.com/channels/lantian/SXyuhang3/720p.m3u8
睛彩广场,https://zby.130519.xyz/PLTV/11/224/3221226139/index.m3u8
余杭综合,http://l.cztvcloud.com/channels/lantian/SXyuhang1/720p.m3u8
CHC影迷电影,http://58.19.38.162:9901/tsfile/live/1004_1.m3u8?key=txiptv&playlive=1&authid=0
六安公共,http://ls.qingting.fm/live/1794199.m3u8
CHC家庭影院,http://58.19.38.162:9901/tsfile/live/1006_1.m3u8?key=txiptv&playlive=1&authid=0
六安新闻综合,http://ls.qingting.fm/live/267.m3u8
CHC动作电影,http://58.19.38.162:9901/tsfile/live/1005_1.m3u8?key=txiptv&playlive=1&authid=0
兰溪新闻综合,http://l.cztvcloud.com/channels/lantian/SXlanxi1/720p.m3u8
CHC影迷电影HD,http://122.228.73.138:2380/hw1live.rxip.sc96655.com.huan.tv/live/lnwsCHC-HDH265_4000.m3u8
兴隆综合,https://jwcdnqx.hebyun.com.cn/live/xlzh/1500k/tzwj_video.m3u8
CHC家庭影院HD,http://122.228.73.138:2380/hw1live.rxip.sc96655.com.huan.tv/live/jbtygqCHCjtyyH265_4000.m3u8
兵团五师双河新闻综合,http://liveout.btzx.com.cn/62ds9e/4nxdih.m3u8?fbl=
CHC动作电影HD,http://122.228.73.138:2380/hw1live.rxip.sc96655.com.huan.tv/live/wqCHCdzdyH265_4000.m3u8
兵团八师石河子新闻综合,http://124.88.144.73:1935/live/xwzh/playlist.m3u8?zxinjd
求索纪录,http://111.22.153.159:35455/itv/2000000004000000010.m3u8?cdn=hnbblive
剑阁综合,https://m3u8.channel.dzsm.com/nmip-media/channellive/channel105549/playlist.m3u8
求索科学,http://111.22.153.159:35455/itv/2000000004000000011.m3u8?cdn=hnbblive
北京新闻,https://satellitepull.cnr.cn/live/wxbjxwgb/playlist.m3u8
求索生活,http://111.22.153.159:35455/itv/2000000004000000008.m3u8?cdn=hnbblive
南京教科,http://nklive.nbs.cn/hls/75b3c462-b831-4de7-a34b-5d3221db2069/index.m3u8
求索动物,http://111.22.153.159:35455/itv/2000000004000000009.m3u8?cdn=hnbblive
南京新闻综合,http://nklive.nbs.cn/hls/d511bc9d-a694-4453-b3a2-4fc842cc97a1/index.m3u8
纪实科教8K,https://gdcucc.v1.mk/gdcucc/brtv8k.m3u8
南国都市,http://tencentplay.gztv.com/live/nanguodushi.m3u8?txSecret=140110ae3d6c936a77f94c4f4d85b0d3&txTime=18d57929bd4
爱上4K,http://wouu.net:9977/udp/239.93.0.97:5140
南宁都市生活,http://615bbf179ba53515dccad7b1da5d1ad9.livehwc3.cn/hls.nntv.cn/nnlive/WLSH_24.m3u8?sub_m3u8=true&edge_slice=true&user_session_id=2598844eaee8a4265e706fc14b3fc11d
华数4K,http://111.22.153.159:35455/itv/2000000004000000014.m3u8?cdn=hnbblive
双辽综合,http://stream3.jlntv.cn:80/aac_slgb/playlist.m3u8
纯享4K,#http://fjcm-2117.live.iptv.darwinchow.com/PLTV/88888888/224/3221226825/index.m3u8
叙州新闻综合,http://pili-live-hls.ybcxjd.com/jdh-live/2108111201035597.m3u8?zsicd
求索纪录4K,http://tvbox6.icu/tv/gdmzyd.php?id=104
古县综合,https://l2fpdktp.live.sxmty.com/live/hls/e4c3b363cc4549788e2d983f403e07db/d99ce1eb686e41b9afc888110bd95aa7.m3u8?zshanxd
重温经典,http://8.138.7.223/tv/cwjd.php
句容党建,http://jrlive.jrntv.com/live/_definst_/dangjians/playlist.m3u8?%E5%85%B3%E6%B3%A8%E5%BE%AE%E4%BF%A1%E5%85%AC%E4%BC%97%E5%8F%B7[%E6%99%B4%E5%9B%AD]
搜狐剧场,https://hdl-vip-ws.qf.56.com/live/lc_11730.flv
句容影院,http://jrlive.jrntv.com/live/_definst_/yingshis/chunklist_w1994429382.m3u8?zjiangsd
1905电影网,http://8.138.7.223/tv/1905.php?id=LIVE8J4LTCXPI7QJ5
句容生活,http://jrlive.jrntv.com/live/_definst_/shenghuos/playlist.m3u8?%E5%85%B3%E6%B3%A8%E5%BE%AE%E4%BF%A1%E5%85%AC%E4%BC%97%E5%8F%B7[%E6%99%B4%E5%9B%AD]
1905电影网（国内）,http://8.138.7.223/tv/1905.php?id=LIVEOYY31H24H48NE
可克达拉综合,http://file.loulannews.cn/nmip-media/channellive/channel103824/playlist.m3u8
中国电影频道,https://live.tvfix.org/live/cmc/index.m3u8
合肥新闻,http://112.27.235.94:8000/hls/18/index.m3u8
美亚电影台,https://live.tvfix.org/live/mydy/index.m3u8
吉林乡村,https://satellitepull.cnr.cn/live/wxjlxcgb/playlist.m3u8
漫威电影,http://1.94.31.214:35455/douyu/6140589
名山综合,https://m3u8channel-bx.yunxya.com/nmip-media/channellive/channel104666/playlist.m3u8
精彩影视,http://111.22.153.159:35455/itv/6000000006000320630.m3u8?cdn=wasusyt
哈尔滨娱乐,https://stream.hrbtv.net/ylpd/sd/live.m3u8
中国天气,#http://fjcm-2118.live.iptv.darwinchow.com/PLTV/88888888/224/3221227210/index.m3u8
哈尔滨新闻综合,http://stream.hrbtv.net/xwzh/sd/live.m3u8?zheild
纪实科教,http://120.76.248.139/live/bfgd/4200000113.m3u8
哈尔滨生活,http://111.43.126.240:9003/hls/3/index.m3u8
金鹰纪实,http://rrs01.hw.gmcc.net:8088/PLTV/81/224/3221226667/1.m3u8
哈尔滨资讯,http://stream.hrbtv.net/zxpd/sd/live.m3u8
新视觉HD,http://120.76.248.139/live/bfgd/4200000249.m3u8
哈尔滨都市咨询,http://stream.hrbtv.net/zxpd/sd/live.m3u8?zheild
茶友频道,#http://fjcm-2118.live.iptv.darwinchow.com/PLTV/88888888/224/3221226859/index.m3u8
嘉兴新闻综合,http://tvfile.jyrmt.cn:80/nmip-media/channellive/channel104452/playlist.m3u8
快乐垂钓,#http://fjcm-2117.live.iptv.darwinchow.com/PLTV/88888888/224/3221226940/index.m3u8
嘉峪关综合,http://play.kankanlive.com/live/1720583434627241.m3u8
劲爆体育,http://111.22.153.159:35455/itv/5000000002000029972.m3u8?cdn=bestzb
固镇新闻,http://www.guzhenm.com:7001/hls/hd-live.m3u8?%E5%85%B3%E6%B3%A8%E5%BE%AE%E4%BF%A1%E5%85%AC%E4%BC%97%E5%8F%B7[%E6%99%B4%E5%9B%AD]
魅力足球,http://111.22.153.159:35455/itv/5000000011000031207.m3u8?cdn=bestzb
大宁综合,http://live.daningtv.com/aac_dngb/playlist.m3u8
五星体育,http://bp-livetytv.bestv.cn/ch/bestvwxty.m3u8
太谷新闻综合,https://p2.vzan.com/slowlive/596867413819827251/live.m3u8?zbid=1725814272&amp;tpid=1516989100&amp;type=0
新纪实,http://bp-resource-dfl.bestv.cn/155/3/video.m3u8
夹江新闻综合,http://tvfile.jjrm.org.cn/nmip-media/channellive/channel106282/playlist.m3u8?zsicd
第一财经,http://bp-livetytv.bestv.cn/ch/bestvdycj.m3u8
奎屯哈萨克语,http://218.84.12.186:8002/hls/main/playlist.m3u8?zxinjd
上海新闻,http://bp-livetytv.bestv.cn/ch/bestvxwzh.m3u8
安徽导视,http://dspdhls.appcoo.com:8888/live/dspd/index.m3u8
上海都市,http://bp-livetytv.bestv.cn/ch/bestvdspd.m3u8
安顺新闻,https://ls.qingting.fm/live/5022203/64k.m3u8
海峡卫视,http://8.138.7.223/tv/hxws.m3u8
定襄综合,http://lbyzztfe.live.sxmty.com/live/hls/645ff4c60e0a49f0a203abbd73dd8be9/0720e665f10f48e98c9639f4f492fb4a-1.m3u8?zshanxd
四川科教,http://182.150.115.21:8030/pcgacg/pcgacg_0.m3u8
宜兴新闻,http://yixing-tv-ori-hls.jstv.com/yixing-tv-ori/yixing_xw.m3u8
哒啵赛事,#http://fjcm-2118.live.iptv.darwinchow.com/PLTV/88888888/224/3221227331/index.m3u8
宜兴紫砂,http://3gvod.zjgonline.com.cn:1935/live/_definst_/xinwenzonghe_app/chunklist.m3u8
哒啵电竞,http://111.22.153.159:35455/itv/1000000006000032327.m3u8?cdn=ystenlive
山东生活,http://ls.qingting.fm/live/60260.m3u8
黑莓电影,#http://fjcm-2118.live.iptv.darwinchow.com/PLTV/88888888/224/3221227448/index.m3u8
嵊州新闻综合,http://l.cztvcloud.com/channels/lantian/SXshengzhou1/720p.m3u8?zzhed#http://l.cztvcloud.com/channels/lantian/SXshengzhou1/720p.m3u8
黑莓动画,#http://fjcm-2118.live.iptv.darwinchow.com/PLTV/88888888/224/3221227303/index.m3u8
嵊泗综合,http://l.cztvcloud.com/channels/lantian/SXshengsi1/720p.m3u8
乐游频道,http://8.138.7.223/tv/shtv.php?id=ly
常熟民生,http://3gvod.zjgonline.com.cn:1935/live/_definst_/shehuishenghuo_app/chunklist.m3u8
欢笑剧场,http://111.22.153.159:35455/itv/5000000002000009455.m3u8?cdn=bestzb
平泉综合,https://jwcdnqx.hebyun.com.cn/live/pqzh/1500k/tzwj_video.m3u8
法治天地,http://111.22.153.159:35455/itv/2000000002000000014.m3u8?cdn=hnbblive
平湖新闻综合,http://l.cztvcloud.com/channels/lantian/SXpinghu1/720p.m3u8?zzhed
七彩戏剧,http://111.22.153.159:35455/itv/5000000011000031116.m3u8?cdn=bestzb
平湖民生休闲,http://l.cztvcloud.com/channels/lantian/SXpinghu2/720p.m3u8
动漫秀场,http://111.22.153.159:35455/itv/5000000011000031113.m3u8?cdn=bestzb
广元公共,https://m3u8.channel.dzsm.com/nmip-media/channellive/channel101257/playlist.m3u8
游戏风云,http://111.22.153.159:35455/itv/5000000011000031114.m3u8?cdn=bestzb
广元综合,https://m3u8.channel.dzsm.com/nmip-media/channellive/channel100999/playlist.m3u8
生活时尚,http://111.22.153.159:35455/itv/5000000002000019634.m3u8?cdn=bestzb
广安公共,http://live1.gatv.com.cn:85/live/GGPD.m3u8
都市剧场,http://112.46.105.20:8009/hls/72/index.m3u8
广州新闻,http://tencentplay.gztv.com/live/xinwen.m3u8?txSecret=d2c2db0b598c02ec1b5623728434d367&txTime=18d57929bd3
金色学堂,http://111.22.153.159:35455/itv/5000000010000026105.m3u8?cdn=bestzb
广德生活,https://live.gdtv.ah.cn/live/newsTV.m3u8
南国都市,https://tencentplay.gztv.com/live/nanguodushi.m3u8?txSecret=550af55c0ea34ce492748481415b6dfa&txTime=1903e7b17de
广西国际,https://hlscdn.liangtv.cn/live/0234c48e0bc24fe1b41b9999a253e581/1075ee38e04f490690f6a36a16e09c79.m3u8
天元围棋,http://wouu.net:9977/udp/239.93.42.55:5140
庆元新闻综合,http://l.cztvcloud.com/channels/lantian/SXqingyuan1/720p.m3u8?fbl=
重温经典,https://other.ottiptv.cc/cwjd.m3u8
庆元综合,http://l.cztvcloud.com/channels/lantian/SXqingyuan1/720p.m3u8
睛彩竞技,#http://fjcm-2118.live.iptv.darwinchow.com/PLTV/88888888/224/3221227047/index.m3u8
延边2,http://stream5.jlntv.cn/wq/playlist.m3u8
睛彩篮球,#http://fjcm-2118.live.iptv.darwinchow.com/PLTV/88888888/224/3221227158/index.m3u8
开化国家公园,http://l.cztvcloud.com/channels/lantian/SXkaihua2/720p.m3u8
睛彩青少,#http://111.22.153.159:35455/itv/3000000020000011525.m3u8?cdn=FifastbLive
开化新闻综合,http://l.cztvcloud.com/channels/lantian/SXkaihua1/720p.m3u8?zzhed
睛彩广场舞,#http://111.22.153.159:35455/itv/3000000020000011524.m3u8?cdn=FifastbLive
张掖新闻综合,https://play.kankanlive.com/live/1720583434627241.m3u8
CHC影迷电影,http://148.135.93.213/live.php?id=CHC影迷电影
德惠综合,http://stream11.jlntv.cn/dehuitv/sd/live.m3u8
CHC家庭影院,http://148.135.93.213/live.php?id=CHC家庭影院
CHC动作电影,http://101.35.240.114:88/live.php?id=CHC动作电影
敦化一套,http://stream8.jlntv.cn/dhtv/playlist.m3u8
北京纪实科教8K,http://101.35.240.114:88/brtv8k.php
数码时代,http://ali-m-l.cztv.com/channels/lantian/channel12/720p.m3u8?zzhed
重温经典,http://101.35.240.114:88/live.php?id=重温经典
文成新闻综合,http://l.cztvcloud.com/channels/lantian/SXwencheng1/720p.m3u8
五星体育,http://101.35.240.114:88/live.php?id=五星体育
文成综合,http://l.cztvcloud.com/channels/lantian/SXwencheng1/720p.m3u8?zzhed
CGTN英语,https://0472.org/hls/cgtn.m3u8
新昌新闻综合,https://l.cztvcloud.com/channels/lantian/SXxinchang1/720p.m3u8
CGTN纪录,https://0472.org/hls/cgtnd.m3u8
新昌生活,http://l.cztvcloud.com/channels/lantian/SXxinchang2/720p.m3u8
澳视卫星,http://r.jdshipin.com/QFhCq
新沂新闻,http://live.xysrmt.cn/xwzh/sd/live.m3u8?zjiangsd"
台湾+,https://bcovlive-a.akamaihd.net/rce33d845cb9e42dfa302c7ac345f7858/ap-northeast-1/6282251407001/playlist.m3u8
新沂生活,http://live.xysrmt.cn/shpd/sd/live.m3u8?zjiangsd
TVB Plus,http://r.jdshipin.com/Nr5jq
新野综合,http://tvpull.dxhmt.cn:9081/tv/11329-1.m3u8
TVB Plus,http://r.jdshipin.com/ndGgS
新闻综合,https://m3u8channel.yunxya.com/nmip-media/channellive/channel100028/playlist.m3u8
无线新闻,http://r.jdshipin.com/CkuBd
无锡娱乐,https://stream.thmz.com/wxtv2/playlist.m3u8
TVB星河,http://r.jdshipin.com/sXuuD
无锡新闻综合,http://stream.thmz.com/wxtv1/playlist.m3u8
TVB星河,http://r.jdshipin.com/Voac4
无锡生活,https://stream.thmz.com/wxtv4/playlist.m3u8
华丽翡翠台,http://r.jdshipin.com/thuYX
无锡经济,https://stream.thmz.com/wxtv5/playlist.m3u8
HOY TV,http://r.jdshipin.com/sFw4S
无锡都市资讯,http://stream.thmz.com/wxtv3/playlist.m3u8
南国都市,http://r.jdshipin.com/nWaZO
旺苍新闻综合,http://channel.wcrmt.cn:80/nmip-media/channellive/channel105268/playlist.m3u8
海峡卫视,http://r.jdshipin.com/WtYt3
昌黎综合,https://jwcdnqx.hebyun.com.cn/live/clzhpd/1500k/tzwj_video.m3u8
咪咕视频4K,http://r.jdshipin.com/ln4xk
易门综合,https://zb-live.ynurl.com/yimen/3b75a2f9-7941-46b7-992d-a9796fbca5fe.m3u8
咪咕视频4K-2,http://r.jdshipin.com/Lqdwf
普陀新闻综合,http://l.cztvcloud.com/channels/lantian/SXputuo1/720p.m3u8
凤凰卫视,http://api.kkitv.itv888.vip:8080/streams/vny1wblsnch/index.m3u8
普陀电视台,https://l.cztvcloud.com/channels/lantian/SXputuo1/720p.m3u8
翡翠台 backup,http://api.kkitv.itv888.vip:8080/streams/jutaw8wu0j9/index.m3u8
朝天综合,https://m3u8.channel.dzsm.com/nmip-media/channellive/channel104601/playlist.m3u8
iNews新闻台,http://api.kkitv.itv888.vip:8080/streams/o0ey7z1y0y/index.m3u8
来宾综合,http://zb.gxlbamc.com:1935/live/lbzh.stream/playlist.m3u8
HOY资讯台,http://api.kkitv.itv888.vip:8080/streams/o6fp2zqodp/index.m3u8
松潘新闻综合,http://live.spccmc.com:90/live/spxwzh.m3u8
RHK 31,http://api.kkitv.itv888.vip:8080/streams/au9u4ktua3t/index.m3u8
松阳综合,http://l.cztvcloud.com/channels/lantian/SXsongyang1/720p.m3u8
RHK 32,http://api.kkitv.itv888.vip:8080/streams/emzampd6m1i/index.m3u8
柳河综合,http://stream3.jlntv.cn:80/aac_lhgb/sd/live.m3u8
VIUTV1,http://api.kkitv.itv888.vip:8080/streams/i76tznm59xp/index.m3u8
桦甸综合,http://stream9.jlntv.cn:80/aac_huadiangb/playlist.m3u8
Viu6,http://api.kkitv.itv888.vip:8080/streams/bvdslcl5cts/index.m3u8
梅河口综合,http://stream3.jlntv.cn:80/aac_mhkgb/playlist.m3u8
珠江卫视,http://iptv.4666888.xyz/iptv2A.php?id=19
梨园,https://dxtx.hntv.tv/live/lypd.m3u8?txSecret=10c771842a0be59e8b575d765173ec96&txTime=7B923E0A&wsSecret=41543190cdf375f1c73207222bb96542&wsTime=1769313549
美亚电影,http://iptv.4666888.xyz/iptv2A.php?id=30
武义新闻综合,http://l.cztvcloud.com/channels/lantian/SXwuyi1/720p.m3u8
有线新闻,http://iptv.4666888.xyz/iptv2A.php?id=31
武汉一台新闻综合,https://ls.qingting.fm/live/20198/64k.m3u8
龙华电影,http://iptv.4666888.xyz/iptv2A.php?id=45
武进新闻,https://live.wjyanghu.com/live/CH1.m3u8
凤凰电影,http://iot-mqqt.111yao.cn:8080/live/diyp_fhdy.m3u8
武进生活,http://live.wjyanghu.com/live/CH2.m3u8
星空国际,http://iot-mqqt.111yao.cn:8080/live/diyp_starmovies.m3u8
永嘉新闻综合,http://l.cztvcloud.com/channels/lantian/SXyongjia1/720p.m3u8
澳门卫视,http://php.jdshipin.com:8880/TVOD/iptv.php?id=as
永城综合,http://tvpull.dxhmt.cn:9081/tv/11481-1.m3u8
澳亚卫视,http://cdn9.163189.xyz/live/as/stream.m3u8
永昌综合,https://play.kankanlive.com/live/1652755738635915.m3u8
莲花卫视,http://live-hls.macaulotustv.com/lotustv/macaulotustv.m3u8
江夏新闻综合,http://59.175.226.142:280/gb28181/xwzh.m3u8?zhubd
TVB无线新闻,http://cdn9.163189.xyz/smt1.1.php?id=inews_twn
汪清综合,http://stream5.jlntv.cn/wq/sd/live.m3u8
TVB无线新闻（备用）,http://erp.giihgtidg.com:8080/live/wxxw01.m3u8
汶川新闻综合,http://live.iwcmt.cn:90/live/zhxw.m3u8
TVB无线星河,http://php.jdshipin.com:8880/smt.php?id=Xinhe
沐川综合,http://file.ysxtv.cn/cms/videos/nmip-media/channellive/channel4/playlist.m3u8?zsicd
TVB娱乐新闻,http://ali.hlspull.yximgs.com/live/6425965d63a08c85ca806bfcc8c75cf4.flv
沭阳综合,https://shuyang-tv-hls.cm.jstv.com:443/shuyang-tv/shuyangzh.m3u8
TVB翡翠台（备用）,http://erp.giihgtidg.com:8080/live/jade01.m3u8
河北农民,https://ls.qingting.fm/live/1650/64k.m3u8
TVB翡翠台 1080P,http://php.jdshipin.com:8880/TVOD/iptv.php?id=fct3
河北都市,https://radio.pull.hebtv.com/live/hebnczx.m3u8
华丽翡翠台,http://cdn9.163189.xyz/smt1.1.php?id=Tvbjade
河源公共,http://tmpstream.hyrtv.cn/hygg/sd/live.m3u8
TVB J1,http://cdn3.163189.xyz/live/j1/stream.m3u8
河源综合,http://tmpstream.hyrtv.cn/xwzh/sd/live.m3u8
TVB Plus,http://bxtv.3a.ink/api.php?id=tvbp
泗洪新闻综合,http://live1.habctv.com/ggpdsl/sd/live.m3u8?zjiangsd#http://live1.habctv.com/ggpdsl/sd/live.m3u8
千禧经典,http://cdn9.163189.xyz/smt3.1.1.php?id=Tvbclassic
泗阳综合,http://3739115337.cloudvdn.com/a.m3u8?domain=siyang-tv-hls.cm.jstv.com&player=nwEAAKHdjSKP_58X&secondToken=secondToken%3A5FUijZmDyNMxtCDdne0YzSAwjuw&streamid=siyang-tv%3Asiyang-tv%2Fsiyangzh&v3=1
星空卫视,http://iot-mqqt.111yao.cn:8080/live/diyp_xingkong.m3u8
泸县新闻综合,http://lxfile.lxxcb.cn/nmip-media/channellive/channel103799/playlist.m3u8
星光影视,http://ali.hlspull.yximgs.com/live/zxcvbnm9852.flv
洞头综合,http://l.cztvcloud.com/channels/lantian/SXdongtou1/720p.m3u8
环球电视,http://utv1.hqtvzb.com:9999/hls/world.m3u8
津南一套,http://play.jinnantv.top/live/JNTV1.m3u8?ztianjd
耀才财经,https://v3.mediacast.hk/webcast/bshdlive-pc/chunklist_w99771165.m3u8
浙江休闲台,http://ali-m-l.cztv.com/channels/lantian/channel006/720p.m3u8
民视,rtmp://f13h.mine.nu/sat/tv051
浙江公共新闻,http://ali-m-l.cztv.com/channels/lantian/channel07/1080p.m3u8
中天娱乐,https://gdfire2.67890123.cn:8088/live/ztxw201.m3u8
浙江国际,https://ali-m-l.cztv.com/channels/lantian/channel010/1080p.m3u8?
三立综合,http://live4play.uk/livehttpplay?channel_id=12038
浙江教科,http://ali-m-l.cztv.com/channels/lantian/channel004/1080p.m3u8
三立都会,http://live4play.uk/livehttpplay?channel_id=20100
浙江教育,http://ali-m-l.cztv.com/channels/lantian/channel04/720p.m3u8
三立戏剧,http://61.221.215.25:8800/hls/41/index.m3u8
浙江数码时代,http://ali-m-l.cztv.com/channels/lantian/channel12/720p.m3u8
非凡新闻,rtmp://f13h.mine.nu/sat/tv581
浙江新闻,https://ali-m-l.cztv.com/channels/lantian/channel007/1080p.m3u8?
寰宇新闻,https://gdfire2.67890123.cn:8088/live/hyxw01.m3u8
浙江民生,http://ali-m-l.cztv.com/channels/lantian/channel006/1080p.m3u8
东森超视,rtmp://f13h.mine.nu/sat/tv331
浙江民生休闲,https://ali-m-l.cztv.com/channels/lantian/channel006/1080p.m3u8
东森财经,http://live4play.uk/livehttpplay?channel_id=20078
浙江生活,http://ls.qingting.fm/live/1099.m3u8
东森电影,http://mytv.cdn.com.mp/live/dsdy/stream.m3u8
浙江留学,http://ali-vl.cztv.com/channels/lantian/channel009/360p.m3u8
东森综合,http://live4play.uk/livehttpplay?channel_id=20104
浙江经济,http://ali-m-l.cztv.com/channels/lantian/channel003/1080p.m3u8
东森电影,http://live4play.uk/livehttpplay?channel_id=20077
浙江经济生活,http://ali-m-l.cztv.com/channels/lantian/channel03/1080p.m3u8#https://ali-m-l.cztv.com/channels/lantian/channel003/1080p.m3u8#http://ali-m-l.cztv.com/channels/lantian/channel003/1080p.m3u8
东森洋片,http://live4play.uk/livehttpplay?channel_id=20080
浙江经视,https://ali-m-l.cztv.com/channels/lantian/channel003/1080p.m3u8
东森戏剧,http://live4play.uk/livehttpplay?channel_id=20072
浙江遂昌,http://l.cztvcloud.com/channels/lantian/SXsuichang1/720p.m3u8
美亚电影,http://ali.hlspull.yximgs.com/live/awei_mydy.flv
浙江钱江,http://l.cztvcloud.com/channels/lantian/SXyuyao2/720p.m3u8
民视台湾台,https://smart.pendy.dpdns.org/Smart.php?id=ftvtaiwan_twn
浙江钱江都市,https://ali-m-l.cztv.com/channels/lantian/channel002/1080p.m3u8
民视第一台,https://smart.pendy.dpdns.org/Smart.php?id=lunghuajingdian_twn
浙江钱江频道,http://ali-m-l.cztv.com/channels/lantian/channel02/1080p.m3u8
民视综艺台,http://litv.zapi.us.kg/?id=4gtv-4gtv004
海南新闻,http://ls.qingting.fm/live/1861.m3u8
民视影剧台,http://litv.zapi.us.kg/?id=litv-ftv09
海宁新闻综合,https://p2hs.vzan.com/slowlive/317913155078575177/live.m3u8
中天亚洲台,http://livetv.skycf.eu.org/live.m3u8?c=3
涟水电视台综合,https://lianshui-tv-hls.cm.jstv.com:443/lianshui-tv/lsxw.m3u8
美亚C+,http://ottproxy2.ist.ooo/livehls/MOB-U1-NO/03.m3u8
淮安影院娱乐,http://live1.habctv.com/ysylsl/sd/live.m3u8
MOMO TV,rtmp://f13h.mine.nu/sat/tv761
淮阴综合,https://huaiyin-tv-replay.cm.jstv.com/huaiyin-tv/huaiyinf.m3u8
纬来日本,rtmp://f13h.mine.nu/sat/tv771
清河经济综艺,https://jwcdnqx.hebyun.com.cn/live/qinghe1/1500k/tzwj_video.m3u8
纬来电影,http://live4play.uk/livehttpplay?channel_id=20199
渭源新闻,http://play.kankanlive.com/live/1720408280309109.m3u8
纬来育乐,rtmp://f13h.mine.nu/sat/tv701
湖州公共民生,http://hzcm-live.media.hugd.com/1e6b554b9ab74513958c0e1ffe664d22/9acaa7634309494cb29a85eb12136607.m3u8?auth_key=2272900830-9a2389b8bf4e49d580d4ad807423d326-0-ea78a5c7a678c436263582d368f5009e
纬来精采,http://61.221.215.25:8800/hls/48/index.m3u8
湖州文化娱乐,http://hzcm-live.media.hugd.com/613c47f0ab0d4eaa98b21378d0db6ded/0051d31c9dd543a7825eea4e49675b2a.m3u8?auth_key=2277598059-0a5ebfa1c0dc4671b42a60810fc37039-0-fa625b7d1feab612062453c12e3c8887
大爱1台,https://pulltv1.wanfudaluye.com/live/tv1.m3u8
湖州新闻综合,http://hzcm-live.media.hugd.com/3f5fa7d64c7c46a38c6bd8ad35e836cc/65128273761b4731ae53729ea6dcf932.m3u8?auth_key=2277598215-9d21c15111244bea8d298c361d31a72e-0-d031198f58d44b0e91ba2e3f3b188865
大爱2台,https://pulltv2.wanfudaluye.com/live/tv2.m3u8
滦平新闻,http://jwplay.hebyun.com.cn/live/LPTV001/1500k/tzwj_video.m3u8
大立电视台,http://www.dalitv.com.tw:4568/live/dali/index.m3u8
滨海新闻综合,http://traffic.jbh.tjbh.com/live/bhtv10/playlist.m3u8
TVBS欢乐台,http://litv.zapi.us.kg/?id=4gtv-4gtv068
灌阳新闻综合,https://ls.qingting.fm/live/5043/64k.m3u8
番薯台,http://61.216.67.119:1935/TWHG/E1/chunklist_w705811302.m3u8
烟台公共,http://live.yantaitv.cn/live/e50f104a4ffe4a41b2217cbda534146f/d86092e69df94668b33390278b061700-1.m3u8
人间卫视,http://61.216.67.119:1935/bltvhd/bltv1/chunklist_w1266569526.m3u
烟台新闻综合,http://live.yantaitv.cn/live/3e81a8879da44c5dadf3bd9c10468e1c/9b776d420ee4438199b7657c8eb88f07-1.m3u8
八大戏剧台,http://61.221.215.25:8800/hls/39/index.m3u8
烟台经济科技,http://live.yantaitv.cn/live/27f84144e95a4652ae9e5c211b2a6b55/405f3e33ba384aa0a16014d0becd1261-1.m3u8
AMC电影台,http://122.117.71.103:8559/http/61.222.53.250:8092/upload/115/AMC_TS-1111_1.m3u8
玛纳斯综合,http://218.84.127.245:1026/hls/main1/playlist.m3u8?zxinjd,
CAT电影,http://litv.zapi.us.kg/?id=4gtv-4gtv076
璧山综合,http://222.179.42.129:8181/hls1.m3u8
龙华电影,https://cdn8.163189.xyz/live/lhdy/stream.m3u8
甘南县综合,https://stream.hrbtv.net/zxpd/sd/live.m3u8
龙华洋片,https://cdn8.163189.xyz/live/lhyp/stream.m3u8
甘孜综合,http://tv.drs.ganzitv.com:8100/channellive/gztv.flv
龙华经典,https://cdn8.163189.xyz/live/lhjd/stream.m3u8
甘肃经济,https://satellitepull.cnr.cn/live/wxgshhzs/playlist.m3u8
龙华卡通,https://cdn8.163189.xyz/live/lhkt/stream.m3u8
甘肃都市,https://satellitepull.cnr.cn/live/wxgsdstb/playlist.m3u8
龙华偶像,https://cdn8.163189.xyz/live/lhox/stream.m3u8
番禺综合,http://video.epaper.pybtv.cn:8080/live/rtmp_live_demo.flv
龙华日韩,https://cdn8.163189.xyz/live/lhrh/stream.m3u8
白银综合,http://play.kankanlive.com/live/1720408089419110.m3u8
龙华戏剧,https://cdn8.163189.xyz/live/lhxj/stream.m3u8
磐石综合,http://stream3.jlntv.cn:80/aac_psgb/sd/live.m3u8
靖天电影,http://live4play.uk/livehttpplay?channel_id=12037
祁门综合,http://zbbf2.ahbztv.com/live/416.m3u8?zanhd
港台电视31,https://cdn5.163189.xyz/live/rthk31/stream.m3u8
福州生活,http://live.zohi.tv:80/video/s10001-fztv-3/index.m3u8
港台电视32,https://cdn5.163189.xyz/live/rthk32/stream.m3u8
福建公共,https://live.264788.xyz/channel/fujianxiangcungonggong?streamid=2987cc24bada6a8c25589409a6452d9e&livekey=01WgOR41rriMmMkzNsd0UoaxJRwetZdxIvtVk
HOY78,http://cdn.163189.xyz/live/hoy/stream.m3u8
福建新闻,http://satellitepull.cnr.cn/live/wx32fjxwgb/playlist.m3u8
ASTRO AOD,http://cdn9.163189.xyz/smt1.1.php?id=Aodhd
福建旅游,https://live.264788.xyz/channel/fujianlvyou?streamid=221239fcf3c7edb274f2f0760fe47f96&livekey=01WgOR41rriMmMkzNsd0UoaxJRwetZdxIvtVk
DAZN体育1,rtmp://f13h.mine.nu/sat/tv731
福建经济,http://satellitepull.cnr.cn/live/wx32fjdnjjgb/playlist.m3u8
DAZN体育2,rtmp://f13h.mine.nu/sat/tv741
秦安综合,https://play.kankanlive.com/live/1659926941626981.m3u8
ELEVEN体育1,https://stream1.freetv.fun/eltaai-er-da-ti-yu--1--wj-1.ctv
第一财经,http://satellitepull.cnr.cn/live/wx32dycjgb/playlist.m3u8
ELEVEN体育2,https://stream1.freetv.fun/eltaai-er-da-ti-yu--2--wj-1.ctv
绍兴公共,http://live.shaoxing.com.cn/video/s10001-sxtv2/index.m3u8
ELEVEN体育3,https://stream1.freetv.fun/eltaai-er-da-ti-yu--3--wj-1.ctv
绍兴电视台公共,http://live.shaoxing.com.cn/video/s10001-sxtv2/index.m3u8?%E5%85%B3%E6%B3%A8%E5%BE%AE%E4%BF%A1%E5%85%AC%E4%BC%97%E5%8F%B7[%E6%99%B4%E5%9B%AD]
半岛新闻,#http://live-hls-web-aje.getaj.net/AJE/01.m3u8
缙云新闻综合,http://l.cztvcloud.com/channels/lantian/SXjinyun1/720p.m3u8
韩国电影1,https://stream.ads.ottera.tv/playlist.m3u8?network_id=595
缙云综合,http://l.cztvcloud.com/channels/lantian/SXjinyun1/720p.m3u8?zzhed
韩国电影2,https://stream.ads.ottera.tv/playlist.m3u8?network_id=743
舒兰新闻综合,http://stream8.jlntv.cn/shulan/sd/live.m3u8?_upt=332db6421699196585
凤凰卫视台,http://php.jdshipin.com/TVOD/iptv.php?id=fhzw
苍南新闻综合,https://l.cztvcloud.com/channels/lantian/SXcangnan1/720p.m3u8
翡翠台北美版,http://php.jdshipin.com:8880/TVOD/iptv.php?id=j1
苏州文化生活,https://live-auth.51kandianshi.com/szgd/csztv3.m3u8
TVB Plus,http://php.jdshipin.com/TVOD/iptv.php?id=j2
苏州新闻综合,https://live-auth.51kandianshi.com/szgd/csztv1.m3u8
无线新闻台,http://php.jdshipin.com:8880/smt.php?id=inews_twn
苏州生活资讯,https://live-auth.51kandianshi.com/szgd/csztv5.m3u8
RTHK31,http://php.jdshipin.com:8880/TVOD/iptv.php?id=rthk31
苏州社会经济,https://live-auth.51kandianshi.com/szgd/csztv2.m3u8
RTHK32,http://php.jdshipin.com:8880/TVOD/iptv.php?id=rthk32
荆门新闻综合,http://stream.jmtv.com.cn/xwzh/sd/live.m3u8
HOY TV,http://php.jdshipin.com/TVOD/iptv.php?id=hoytv
荥经综合,https://m3u8channel-yj.yunxya.com/nmip-media/channellive/channel101140/playlist.m3u8
澳视卫星,http://php.jdshipin.com:8880/TVOD/iptv.php?id=as
荥阳综合,http://tvpull.dxhmt.cn:9081/tv/10182-1.m3u8
八度空间,https://cdn6.163189.xyz/163189/8tv
营山电视台,http://file.ysxtv.cn/cms/videos/nmip-media/channellive/channel4/playlist.m3u8?zsicd#http://file.ysxtv.cn/cms/videos/nmip-media/channellive/channel4/playlist.m3u8
CH5,https://cdn6.163189.xyz/163189/ch5
萧山新闻综合,https://l.cztvcloud.com/channels/lantian/SXxiaoshan1/720p.m3u8
CH8,https://cdn6.163189.xyz/163189/ch8
萧山生活,https://l.cztvcloud.com/channels/lantian/SXxiaoshan2/720p.m3u8
CHU,https://cdn6.163189.xyz/163189/chu
萧山综合,http://l.cztvcloud.com/channels/lantian/SXxiaoshan1/720p.m3u8
千禧经典台,http://php.jdshipin.com:8880/smt.php?id=Tvbclassic
衡水公共,http://ls.qingting.fm/live/2810.m3u8
美亚电影台,http://php.jdshipin.com:8880/smt.php?id=meiyamovie_twn
衡阳新闻综合,https://liveplay-srs.voc.com.cn/hls/tv/183_554704.m3u8
天映频道,http://php.jdshipin.com:8880/smt.php?id=Celestial
衢江新闻综合,http://l.cztvcloud.com/channels/lantian/SXqujiang1/720p.m3u8?zzhed
天映经典,http://php.jdshipin.com:8880/smt.php?id=Celestial2
西宁新闻综合,https://liveout.xntv.tv/a65jur/96iln2.m3u8?zqinghd
Astro AOD,http://php.jdshipin.com/TVOD/iptv.php?id=aod
西安新闻,http://112.46.105.20:8009/hls/28/index.m3u8
Astro AEC,http://php.jdshipin.com/smt.php?id=AEC
西安都市,http://112.46.105.20:8009/hls/29/index.m3u8
爱奇艺,http://php.jdshipin.com/smt.php?id=Qiyi
西峰综合,https://play.kankanlive.com/live/1683944827526991.m3u8
Astro QJ,http://php.jdshipin.com/smt.php?id=Quanjia
诸暨新闻综合,https://l.cztvcloud.com/channels/lantian/SXzhuji3/720p.m3u8
Astro欢喜台,http://php.jdshipin.com/smt.php?id=Huahee
象山新闻综合,http://l.cztvcloud.com/channels/lantian/SXxiangshan1/720p.m3u8
华丽翡翠台,http://php.jdshipin.com/TVOD/iptv.php?id=huali2
象山综合,http://play-sh13.quklive.com/live/1702360350551252.m3u8?auth_key=2037107484-800189c57a5a44d3b823b60cf84f6756-0-a6f6828a62d5c167cff5e68735fa0d39
亚洲武侠,http://php.jdshipin.com/TVOD/iptv.php?id=yzwx
赣州公共,https://pili-live-hls-sjxgz2024.sobeylive.com/jxgz2024/396_q_live172526334096251.m3u8
TVB生活台,http://php.jdshipin.com/TVOD/iptv.php?id=tvbsh
赣州新闻,https://pili-live-hls-sjxgz2024.sobeylive.com/jxgz2024/396_q_live172526329228525.m3u8
TVB娱乐新闻台,http://php.jdshipin.com/TVOD/iptv.php?id=tvbylxw
辉南新闻综合,http://stream5.jlntv.cn/hn/sd/live.m3u8
无线新闻台,http://php.jdshipin.com/TVOD/iptv.php?id=wxxw
辽宁都市,https://ls.qingting.fm/live/1099/64k.m3u8
TVB星河,http://php.jdshipin.com/TVOD/iptv.php?id=xinghe
通化县综合,http://stream3.jlntv.cn:80/aac_thxgb/playlist.m3u8
NOW NEWS,http://cdn.163189.xyz/163189/now
通海电视台,https://zb-live.ynurl.com/tonghai/3bfe3a9e-48e6-4c1e-8770-1df66447cc6c.m3u8
澳视卫星,https://cdn6.163189.xyz/163189/as
遂昌综合,http://l.cztvcloud.com/channels/lantian/SXsuichang1/720p.m3u8?zzhed
澳门体育,http://cdn6.163189.xyz/163189/amty
邢台生活,https://jwcdnqx.hebyun.com.cn/live/xtcsshpd/1500k/tzwj_video.m3u8
澳门综艺,http://cdn6.163189.xyz/163189/amzy
邢台综合,https://jwplay.hebyun.com.cn:443/live/xtsrmtzs/1500k/tzwj_video.m3u8
iHOT 爱喜剧,http://111.22.153.159:35455/itv/2000000004000000032.m3u8?cdn=hnbblive
邯郸公共频道,https://jwcdnqx.hebyun.com.cn/live/hdgg/1500k/tzwj_video.m3u8
